../Src/sd_card.c:171:14:SD_Task_Read	24	static,ignoring_inline_asm
../Src/sd_card.c:204:14:SD_Task_Write	24	static
../Src/sd_card.c:378:6:xSD_Card_Gatekeeper	16	static,ignoring_inline_asm
../Src/sd_card.c:546:6:xSD_Sync	8	static,ignoring_inline_asm
../Src/sd_card.c:107:6:Init_SD_Card	24	static,ignoring_inline_asm
../Src/sd_card.c:133:6:Init_SD_RTOS_Tasks	24	static
../Src/sd_card.c:243:7:SD_Log	32	static
../Src/sd_card.c:621:6:xTest_Sender_Task	192	static
../Src/sd_card.c:270:7:SD_Log_From_ISR	40	static
../Src/sd_card.c:337:7:SD_Read	24	static
../Src/sd_card.c:359:7:SD_Eject	24	static
